2024-10-28 17:02:02,970 - Analyzing model: bert-base-uncased
2024-10-28 17:03:59,935 - Analyzing model: bert-base-chinese
2024-10-28 17:05:17,034 - Analyzing model: bert-base-chinese
2024-10-28 17:05:22,898 - Using Any for unsupported type: typing.Sequence[~T]
2024-10-28 17:05:23,231 - No module named google.cloud.bigquery_storage_v1. As a result, the ReadFromBigQuery transform *CANNOT* be used with `method=DIRECT_READ`.
2024-10-28 17:06:04,674 - Analyzing model: bert-base-chinese
2024-10-28 17:06:10,574 - Using Any for unsupported type: typing.Sequence[~T]
2024-10-28 17:06:10,879 - No module named google.cloud.bigquery_storage_v1. As a result, the ReadFromBigQuery transform *CANNOT* be used with `method=DIRECT_READ`.
2024-10-28 17:10:09,027 - Analyzing model: bert-base-chinese
2024-10-28 17:11:37,623 - Analyzing model: bert-base-chinese
2024-10-28 17:12:19,874 - Analyzing model: bert-base-chinese
2024-10-28 17:13:02,797 - Analyzing model: bert-base-chinese
2024-10-28 17:13:08,704 - Using Any for unsupported type: typing.Sequence[~T]
2024-10-28 17:13:09,008 - No module named google.cloud.bigquery_storage_v1. As a result, the ReadFromBigQuery transform *CANNOT* be used with `method=DIRECT_READ`.
2024-10-28 17:15:35,725 - Analyzing model: bert-base-chinese
2024-10-28 17:15:49,001 - Using Any for unsupported type: typing.Sequence[~T]
2024-10-28 17:15:49,286 - No module named google.cloud.bigquery_storage_v1. As a result, the ReadFromBigQuery transform *CANNOT* be used with `method=DIRECT_READ`.
2024-10-28 17:18:49,514 - Analyzing model: bert-base-chinese
2024-10-28 17:21:30,255 - Analyzing model: bert-base-chinese
2024-10-28 17:23:01,053 - Analyzing model: bert-base-chinese
2024-10-28 17:23:09,017 - Old caching folder /home/junha/.cache/huggingface/datasets/wikipedia/20220301.zh/2.0.0/d41137e149b2ea90eead07e7e3f805119a8c22dd1d5b61651af8e3e3ee736001 for dataset wikipedia exists but not data were found. Removing it. 
2024-10-28 17:23:51,290 - Analyzing model: bert-base-multilingual-cased
2024-10-28 17:25:39,664 - Analyzing model: bert-base-multilingual-cased
2024-10-28 17:25:57,526 - Analyzing model: bert-base-multilingual-cased
2024-10-28 17:26:27,459 - Analyzing model: bert-base-multilingual-cased
2024-10-28 17:49:31,497 - Analyzing model: bert-base-multilingual-cased
2024-10-28 17:58:40,378 - Model: bert-base-multilingual-cased
2024-10-28 17:58:40,378 - Average Token Count per Sequence: 693.12
2024-10-28 17:58:40,378 - Total number of tokens: 44765313
2024-10-28 17:58:40,378 - Total number of sequences: 64585
2024-10-28 17:58:40,379 - Top 10 Token Frequencies:
2024-10-28 17:58:40,417 - ,: 1873720
2024-10-28 17:58:40,417 - the: 1685289
2024-10-28 17:58:40,417 - .: 1553617
2024-10-28 17:58:40,417 - of: 1021221
2024-10-28 17:58:40,417 - and: 830354
2024-10-28 17:58:40,417 - in: 779620
2024-10-28 17:58:40,417 - to: 553779
2024-10-28 17:58:40,417 - a: 540576
2024-10-28 17:58:40,417 - ##s: 505241
2024-10-28 17:58:40,417 - -: 470806
2024-10-28 17:58:40,417 - Original dataset size: 6458670
2024-10-28 17:58:40,417 - Sampled dataset size: 64585
2024-10-28 17:58:43,967 - Analysis complete for bert-base-multilingual-cased
2024-10-28 17:58:43,967 - --------------------
2024-10-28 17:58:43,967 - Analyzing model: microsoft/codebert-base-mlm
2024-10-29 00:47:05,320 - Analyzing model: microsoft/codebert-base-mlm
2024-10-29 00:56:18,713 - Model: microsoft/codebert-base-mlm
2024-10-29 00:56:18,714 - Average Token Count per Sequence: 340.81
2024-10-29 00:56:18,714 - Total number of tokens: 6409247
2024-10-29 00:56:18,714 - Total number of sequences: 18806
2024-10-29 00:56:18,714 - Top 10 Token Frequencies:
2024-10-29 00:56:18,726 - Ġ: 2409731
2024-10-29 00:56:18,726 - Ċ: 292707
2024-10-29 00:56:18,726 - ĉ: 174924
2024-10-29 00:56:18,726 - .: 132571
2024-10-29 00:56:18,726 - _: 104935
2024-10-29 00:56:18,726 - ,: 85495
2024-10-29 00:56:18,726 - (: 81775
2024-10-29 00:56:18,726 - Ġ=: 64848
2024-10-29 00:56:18,726 - ): 59997
2024-10-29 00:56:18,726 - Ġ$: 59797
2024-10-29 00:56:18,726 - Original dataset size: 1880853
2024-10-29 00:56:18,726 - Sampled dataset size: 18806
2024-10-29 00:56:22,281 - Analysis complete for microsoft/codebert-base-mlm
2024-10-29 00:56:22,282 - --------------------
2024-10-29 00:56:22,282 - Analyzing model: neulab/codebert-javascript
2024-10-29 00:58:54,472 - Model: neulab/codebert-javascript
2024-10-29 00:58:54,473 - Average Token Count per Sequence: 687.01
2024-10-29 00:58:54,473 - Total number of tokens: 849834
2024-10-29 00:58:54,473 - Total number of sequences: 1237
2024-10-29 00:58:54,473 - Top 10 Token Frequencies:
2024-10-29 00:58:54,479 - Ġ: 367521
2024-10-29 00:58:54,479 - Ċ: 44822
2024-10-29 00:58:54,479 - ĉ: 28791
2024-10-29 00:58:54,479 - .: 20576
2024-10-29 00:58:54,479 - Ġ=: 12283
2024-10-29 00:58:54,479 - Ġ{: 11575
2024-10-29 00:58:54,479 - ,: 9936
2024-10-29 00:58:54,479 - (: 9703
2024-10-29 00:58:54,479 - ): 8721
2024-10-29 00:58:54,479 - ;: 8707
2024-10-29 00:58:54,479 - Original dataset size: 123889
2024-10-29 00:58:54,479 - Sampled dataset size: 1237
2024-10-29 00:58:57,818 - Analysis complete for neulab/codebert-javascript
2024-10-29 00:58:57,818 - --------------------
