2024-10-25 15:10:45,648 - Reusing dataset wikipedia (/home/junha/.cache/huggingface/datasets/wikipedia/20200501.en/1.0.0/2fe8db1405aef67dff9fcc51e133e1f9c5b0106f9d9e9638188176d278fd5ff1)
2024-10-25 15:23:49,758 - Average Token Count per Sequence: 645.73
2024-10-25 15:23:49,759 - Top 10 Token Frequencies:
2024-10-25 15:23:49,777 - the: 1816564
2024-10-25 15:23:49,777 - ,: 1699235
2024-10-25 15:23:49,777 - .: 1431167
2024-10-25 15:23:49,777 - of: 942038
2024-10-25 15:23:49,777 - in: 796269
2024-10-25 15:23:49,777 - and: 766610
2024-10-25 15:23:49,777 - a: 544641
2024-10-25 15:23:49,777 - to: 510157
2024-10-25 15:23:49,777 - :: 431961
2024-10-25 15:23:49,777 - -: 419520
2024-10-25 15:23:49,777 - Original dataset size: 6078422
2024-10-25 15:23:49,777 - Sampled dataset size: 60782
2024-10-25 15:27:32,657 - Reusing dataset wikipedia (/home/junha/.cache/huggingface/datasets/wikipedia/20200501.en/1.0.0/2fe8db1405aef67dff9fcc51e133e1f9c5b0106f9d9e9638188176d278fd5ff1)
2024-10-25 15:41:10,259 - Average Token Count per Sequence: 639.99
2024-10-25 15:41:10,259 - Top 10 Token Frequencies:
2024-10-25 15:41:10,277 - the: 1795451
2024-10-25 15:41:10,277 - ,: 1697969
2024-10-25 15:41:10,277 - .: 1421185
2024-10-25 15:41:10,277 - of: 931156
2024-10-25 15:41:10,277 - in: 790152
2024-10-25 15:41:10,277 - and: 758084
2024-10-25 15:41:10,277 - a: 539211
2024-10-25 15:41:10,277 - to: 506117
2024-10-25 15:41:10,278 - :: 429410
2024-10-25 15:41:10,278 - -: 416575
2024-10-25 15:41:10,278 - Original dataset size: 6078422
2024-10-25 15:41:10,278 - Sampled dataset size: 60782
2024-10-25 15:44:01,526 - Reusing dataset wikipedia (/home/junha/.cache/huggingface/datasets/wikipedia/20200501.en/1.0.0/2fe8db1405aef67dff9fcc51e133e1f9c5b0106f9d9e9638188176d278fd5ff1)
2024-10-25 15:57:07,577 - Average Token Count per Sequence: 642.64
2024-10-25 15:57:07,577 - Total number of tokens: 39061229
2024-10-25 15:57:07,577 - Total number of sequences: 60782
2024-10-25 15:57:07,577 - Top 10 Token Frequencies:
2024-10-25 15:57:07,592 - the: 1821541
2024-10-25 15:57:07,592 - ,: 1690521
2024-10-25 15:57:07,592 - .: 1430139
2024-10-25 15:57:07,592 - of: 942483
2024-10-25 15:57:07,592 - in: 792335
2024-10-25 15:57:07,592 - and: 756414
2024-10-25 15:57:07,592 - a: 544881
2024-10-25 15:57:07,592 - to: 508820
2024-10-25 15:57:07,592 - :: 430109
2024-10-25 15:57:07,592 - -: 427286
2024-10-25 15:57:07,593 - Original dataset size: 6078422
2024-10-25 15:57:07,593 - Sampled dataset size: 60782
2024-10-25 16:08:02,803 - Reusing dataset wikipedia (/home/junha/.cache/huggingface/datasets/wikipedia/20200501.en/1.0.0/2fe8db1405aef67dff9fcc51e133e1f9c5b0106f9d9e9638188176d278fd5ff1)
2024-10-25 16:22:04,846 - Average Token Count per Sequence: 655.00
2024-10-25 16:22:04,846 - Total number of tokens: 39812129
2024-10-25 16:22:04,846 - Total number of sequences: 60782
2024-10-25 16:22:04,846 - Top 10 Token Frequencies:
2024-10-25 16:22:04,864 - the: 1830484
2024-10-25 16:22:04,864 - ,: 1725196
2024-10-25 16:22:04,864 - .: 1474349
2024-10-25 16:22:04,864 - of: 949780
2024-10-25 16:22:04,864 - in: 804575
2024-10-25 16:22:04,864 - and: 769448
2024-10-25 16:22:04,864 - a: 547065
2024-10-25 16:22:04,864 - to: 517868
2024-10-25 16:22:04,864 - :: 432109
2024-10-25 16:22:04,864 - -: 429114
2024-10-25 16:22:04,864 - Original dataset size: 6078422
2024-10-25 16:22:04,864 - Sampled dataset size: 60782
2024-10-25 16:34:22,223 - Reusing dataset wikipedia (/home/junha/.cache/huggingface/datasets/wikipedia/20200501.en/1.0.0/2fe8db1405aef67dff9fcc51e133e1f9c5b0106f9d9e9638188176d278fd5ff1)
2024-10-25 16:48:42,118 - Average Token Count per Sequence: 654.64
2024-10-25 16:48:42,118 - Total number of tokens: 39790109
2024-10-25 16:48:42,118 - Total number of sequences: 60782
2024-10-25 16:48:42,118 - Top 10 Token Frequencies:
2024-10-25 16:48:42,134 - the: 1843421
2024-10-25 16:48:42,135 - ,: 1716048
2024-10-25 16:48:42,135 - .: 1452345
2024-10-25 16:48:42,135 - of: 952682
2024-10-25 16:48:42,135 - in: 802313
2024-10-25 16:48:42,135 - and: 767488
2024-10-25 16:48:42,135 - a: 551569
2024-10-25 16:48:42,135 - to: 517379
2024-10-25 16:48:42,135 - -: 435367
2024-10-25 16:48:42,135 - :: 434594
2024-10-25 16:48:42,135 - Original dataset size: 6078422
2024-10-25 16:48:42,135 - Sampled dataset size: 60782
